[tykit.rometheme.pro/taxation/template-kit/homepage/index.html]
[backblue.gif]
[fade.gif]
[index.html]
[tykit.rometheme.pro/taxation/wp-includes/css/dist/block-library/style.minf801.css]
[tykit.rometheme.pro/taxation/wp-content/plugins/template-kit-export/public/assets/css/template-kit-export-public.min365c.css]
[tykit.rometheme.pro/taxation/wp-content/themes/hello-elementor/style.min1102.css]
[tykit.rometheme.pro/taxation/wp-content/themes/hello-elementor/theme.min1102.css]
[tykit.rometheme.pro/taxation/wp-content/plugins/elementor/assets/css/frontend-lite.minb73d.css]
[tykit.rometheme.pro/taxation/wp-content/uploads/sites/107/elementor/css/post-4a3f9.css]
[tykit.rometheme.pro/taxation/wp-content/plugins/elementor/assets/lib/eicons/css/elementor-icons.mind618.css]
[tykit.rometheme.pro/taxation/wp-content/plugins/elementor/assets/lib/swiper/css/swiper.min48f5.css]
[tykit.rometheme.pro/taxation/wp-content/plugins/elementor-pro/assets/css/frontend-lite.min2e9d.css]
[tykit.rometheme.pro/taxation/wp-content/uploads/sites/107/elementor/css/post-52bc9.css]
[tykit.rometheme.pro/taxation/wp-content/uploads/sites/107/elementor/css/post-471a3f9.css]
[tykit.rometheme.pro/taxation/wp-content/uploads/sites/107/elementor/css/post-429a3f9.css]
[tykit.rometheme.pro/taxation/wp-content/plugins/elementor/assets/lib/font-awesome/css/fontawesome.min52d5.css]
[tykit.rometheme.pro/taxation/wp-content/plugins/elementor/assets/lib/font-awesome/css/solid.min52d5.css]
[tykit.rometheme.pro/taxation/wp-content/plugins/elementor/assets/lib/font-awesome/css/brands.min52d5.css]
[tykit.rometheme.pro/taxation/wp-includes/js/jquery/jquery.min3088.js]
[tykit.rometheme.pro/taxation/wp-includes/js/jquery/jquery-migrate.min5589.js]
[tykit.rometheme.pro/taxation/wp-content/plugins/template-kit-export/public/assets/js/template-kit-export-public.min365c.js]
[tykit.rometheme.pro/taxation/wp-content/uploads/sites/107/2023/03/Logo1-1.png]
[tykit.rometheme.pro/taxation/wp-content/plugins/elementor-pro/assets/css/widget-nav-menu.min.css]
[tykit.rometheme.pro/taxation/wp-content/plugins/elementor-pro/assets/css/widget-animated-headline.min.css]
[tykit.rometheme.pro/taxation/wp-content/uploads/sites/107/2023/02/Client.png]
[tykit.rometheme.pro/taxation/wp-content/uploads/sites/107/2023/02/cream-always-rises-shot-of-a-young-businesswom-2022-07-18-19-36-28-utc.png]
[tykit.rometheme.pro/taxation/wp-content/plugins/elementor/assets/css/widget-icon-box.min.css]
[tykit.rometheme.pro/taxation/wp-content/uploads/sites/107/2023/02/financial-advisor-consulting-2021-08-27-09-42-26-utc.jpg]
[tykit.rometheme.pro/taxation/wp-content/uploads/sites/107/2023/02/couple-buying-new-apartment-house-agent-showing-d-2022-12-16-09-12-30-utc.jpg]
[tykit.rometheme.pro/taxation/wp-content/uploads/sites/107/2023/03/Prt6.png]
[tykit.rometheme.pro/taxation/wp-content/uploads/sites/107/2023/03/Prt1.png]
[tykit.rometheme.pro/taxation/wp-content/uploads/sites/107/2023/03/Prt5.png]
[tykit.rometheme.pro/taxation/wp-content/uploads/sites/107/2023/03/Prt4.png]
[tykit.rometheme.pro/taxation/wp-content/uploads/sites/107/2023/03/Prt3.png]
[tykit.rometheme.pro/taxation/wp-content/uploads/sites/107/2023/03/Prt2.png]
[tykit.rometheme.pro/taxation/wp-content/plugins/elementor/assets/css/widget-icon-list.min.css]
[tykit.rometheme.pro/taxation/wp-content/uploads/sites/107/2023/02/smiling-business-team-applauding-to-successful-bos-2022-12-16-16-54-45-utc.png]
[tykit.rometheme.pro/taxation/wp-content/uploads/sites/107/2023/02/smiling-business-lady-looking-at-her-colleague-2021-09-03-15-40-05-utc.jpg]
[tykit.rometheme.pro/taxation/wp-content/uploads/sites/107/2023/02/smiling-business-colleagues-applauding-in-the-offi-2022-11-23-22-31-45-utc.jpg]
[tykit.rometheme.pro/taxation/wp-content/uploads/sites/107/2023/02/young-smiling-business-woman-giving-presentation-t-2021-08-26-18-52-30-utc.jpg]
[tykit.rometheme.pro/taxation/wp-content/uploads/sites/107/2023/02/smiling-business-mentor-with-young-colleagues-hold-2022-12-16-16-31-05-utc.jpg]
[tykit.rometheme.pro/taxation/wp-content/uploads/sites/107/2023/02/business-accountant-discussing-with-partner-are-me-2022-10-17-14-46-58-utc.jpg]
[tykit.rometheme.pro/taxation/wp-content/uploads/sites/107/2023/02/three-smiling-business-colleagues-talking-in-moder-2022-02-02-06-34-12-utc.jpg]
[tykit.rometheme.pro/taxation/wp-content/plugins/elementor-pro/assets/css/widget-posts.min.css]
[tykit.rometheme.pro/taxation/wp-content/uploads/sites/107/2023/03/smiling-businesswoman-looking-up-while-working-2022-09-08-19-20-14-utc.jpg]
[tykit.rometheme.pro/taxation/wp-content/uploads/sites/107/2023/03/business-people-in-office-connected-on-internet-ne-2022-11-12-15-00-09-utc.jpg]
[tykit.rometheme.pro/taxation/wp-content/plugins/elementor/assets/lib/animations/animations.minb73d.css]
[tykit.rometheme.pro/taxation/wp-content/themes/hello-elementor/assets/js/hello-frontend.min8a54.js]
[tykit.rometheme.pro/taxation/wp-content/plugins/elementor-pro/assets/lib/smartmenus/jquery.smartmenus.minf269.js]
[tykit.rometheme.pro/taxation/wp-includes/js/imagesloaded.mineda1.js]
[tykit.rometheme.pro/taxation/wp-content/plugins/elementor-pro/assets/js/webpack-pro.runtime.min2e9d.js]
[tykit.rometheme.pro/taxation/wp-content/plugins/elementor/assets/js/webpack.runtime.minb73d.js]
[tykit.rometheme.pro/taxation/wp-content/plugins/elementor/assets/js/frontend-modules.minb73d.js]
[tykit.rometheme.pro/taxation/wp-includes/js/dist/vendor/wp-polyfill-inert.min0226.js]
[tykit.rometheme.pro/taxation/wp-includes/js/dist/vendor/regenerator-runtime.min8fa4.js]
[tykit.rometheme.pro/taxation/wp-includes/js/dist/vendor/wp-polyfill.min2c7c.js]
[tykit.rometheme.pro/taxation/wp-includes/js/dist/hooks.min2ebd.js]
[tykit.rometheme.pro/taxation/wp-includes/js/dist/i18n.minf92f.js]
[tykit.rometheme.pro/taxation/wp-content/plugins/elementor-pro/assets/js/frontend.min2e9d.js]
[tykit.rometheme.pro/taxation/wp-content/plugins/elementor/assets/lib/waypoints/waypoints.min05da.js]
[tykit.rometheme.pro/taxation/wp-includes/js/jquery/ui/core.min3f14.js]
[tykit.rometheme.pro/taxation/wp-content/plugins/elementor/assets/js/frontend.minb73d.js]
[tykit.rometheme.pro/taxation/wp-content/plugins/elementor-pro/assets/js/elements-handlers.min2e9d.js]
[tykit.rometheme.pro/taxation/template-kit/homepage/index.html]
[tykit.rometheme.pro/taxation/wp-includes/css/dist/block-library/style.minf801.css]
[tykit.rometheme.pro/taxation/wp-content/plugins/template-kit-export/public/assets/css/template-kit-export-public.min365c.css]
[tykit.rometheme.pro/taxation/wp-content/themes/hello-elementor/style.min1102.css]
[tykit.rometheme.pro/taxation/wp-content/themes/hello-elementor/theme.min1102.css]
[tykit.rometheme.pro/taxation/wp-content/plugins/elementor/assets/css/frontend-lite.minb73d.css]
[tykit.rometheme.pro/taxation/wp-content/uploads/sites/107/elementor/css/post-4a3f9.css]
[tykit.rometheme.pro/taxation/wp-content/plugins/elementor/assets/lib/eicons/css/elementor-icons.mind618.css]
[tykit.rometheme.pro/taxation/wp-content/plugins/elementor/assets/lib/swiper/css/swiper.min48f5.css]
[tykit.rometheme.pro/taxation/wp-content/plugins/elementor-pro/assets/css/frontend-lite.min2e9d.css]
[tykit.rometheme.pro/taxation/wp-content/uploads/sites/107/2023/02/teamwork-at-the-office-shot-of-smiling-business-p-2023-01-06-18-03-35-utc.jpg]
[tykit.rometheme.pro/taxation/wp-content/uploads/sites/107/elementor/css/post-52bc9.css]
[tykit.rometheme.pro/taxation/wp-content/uploads/sites/107/elementor/css/post-471a3f9.css]
[tykit.rometheme.pro/taxation/wp-content/uploads/sites/107/elementor/css/post-429a3f9.css]
[tykit.rometheme.pro/taxation/wp-content/plugins/elementor/assets/lib/font-awesome/css/fontawesome.min52d5.css]
[tykit.rometheme.pro/taxation/wp-content/plugins/elementor/assets/lib/font-awesome/css/solid.min52d5.css]
[tykit.rometheme.pro/taxation/wp-content/plugins/elementor/assets/lib/font-awesome/css/brands.min52d5.css]
[tykit.rometheme.pro/taxation/wp-content/plugins/elementor-pro/assets/css/widget-nav-menu.min.css]
[tykit.rometheme.pro/taxation/wp-content/plugins/elementor-pro/assets/css/widget-animated-headline.min.css]
[tykit.rometheme.pro/taxation/wp-content/plugins/elementor/assets/css/widget-icon-box.min.css]
[tykit.rometheme.pro/taxation/wp-content/plugins/elementor/assets/css/widget-icon-list.min.css]
[tykit.rometheme.pro/taxation/wp-content/plugins/elementor-pro/assets/css/widget-posts.min.css]
[tykit.rometheme.pro/taxation/wp-content/plugins/elementor/assets/lib/animations/animations.minb73d.css]
